lang de | Wands | unique | "Runeseeker's Call" ("Ruf des Runensuchers") | "Runemastered Runic Fork" ("Runenveredelte Runengabel")
ilvl 86 | level 65 | quality 0 | rune sockets 6 | fractured false | corrupted true
labels: class "Zauberstäbe" | item level "Gegenstandsstufe" | requires "Erfordert" | rare "Selten" | corrupted "Verderbt"
rune/ T0 rune.stat_1050105434
  +810 to maximum Mana
  +810 zu maximalem Mana
rune/ T0 rune.stat_124131830
  +9 to Level of all Spell Skills
  +9 zur Stufe aller Zauberfertigkeiten
rune/ T0 rune.stat_737908626
  84% increased Critical Hit Chance for Spells
  84% erhöhte kritische Trefferchance von Zaubern
implicit/ T0 implicit.stat_789117908
  49(30-50)% increased Mana Regeneration Rate
  49(30-50)% erhöhte Manaregenerations-Rate
skill/ T0 
  Grants Skill: Level 20 Antwort der Sterne
  Gewährt Fertigkeit: Stufe 20 Antwort der Sterne
explicit/ T0 explicit.stat_326412910
  Only Runes can be Socketed in this item
  Nur Runen können in diesen Gegenstand eingefasst werden
explicit/ T0 explicit.stat_704409219
  200% increased effect of Socketed Runes
  200% erhöhte Wirkung von eingefassten Runen
pseudo/ T0 pseudo.pseudo_total_mana
  +810 total maximum Mana
  +810 gesamt zu maximalem Mana
