lang de | Boots | rare | "Ghul-Schritt" ("") | "Sekhema Sandals" ("Sekhema-Sandalen")
ilvl 82 | level 80 | quality 29 | rune sockets 2 | fractured true | corrupted true
labels: class "Stiefel" | item level "Gegenstandsstufe" | requires "Erfordert" | rare "Selten" | corrupted "Verderbt"
rune/ T0 rune.stat_1050105434
  +100 to maximum Mana
  +100 zu maximalem Mana
explicit/prefix T1 explicit.stat_2250533757
  35% increased Movement Speed
  35% erhöhte Bewegungsgeschwindigkeit
explicit/prefix T1 explicit.stat_4015621042
  96(92-100)% increased Energy Shield
  96(92-100)% erhöhter Energieschild
desecrated/prefix T1 desecrated.stat_4052037485
  +60(48-60) to maximum Energy Shield
  +60(48-60) zu maximalem Energieschild
fractured/suffix T1 fractured.stat_3917489142
  17(15-18)% increased Rarity of Items found
  17(15-18)% erhöhte Seltenheit gefundener Gegenstände
explicit/suffix T1 explicit.stat_3372524247
  +45(41-45)% to Fire Resistance
  +45(41-45)% zu Feuerwiderstand
explicit/suffix T1 explicit.stat_4220027924
  +45(41-45)% to Cold Resistance
  +45(41-45)% zu Kältewiderstand
pseudo/ T0 pseudo.pseudo_total_mana
  +100 total maximum Mana
  +100 gesamt zu maximalem Mana
pseudo/ T0 pseudo.pseudo_total_fire_resistance
  +45% total to Fire Resistance
  +45% gesamt zu Feuerwiderstand
pseudo/ T0 pseudo.pseudo_total_cold_resistance
  +45% total to Cold Resistance
  +45% gesamt zu Kältewiderstand
pseudo/ T0 pseudo.pseudo_total_elemental_resistance
  +90% total Elemental Resistance
  +90% gesamt Elementarwiderstand
pseudo/ T0 pseudo.pseudo_increased_movement_speed
  35% increased Movement Speed
  35% erhöhte Bewegungsgeschwindigkeit
pseudo/ T0 sum.stat_3917489142
  Sum 17: #% increased Rarity of Items found
  
