lang de | Body Armours | unique | "Morior Invictus" ("") | "Grand Regalia" ("Großes Gewand")
ilvl 84 | level 65 | quality 20 | rune sockets 5 | fractured false | corrupted true
labels: class "Körperrüstungen" | item level "Gegenstandsstufe" | requires "Erfordert" | rare "Selten" | corrupted "Verderbt"
rune/ T0 rune.stat_1050105434
  +200 to maximum Mana
  +200 zu maximalem Mana
rune/ T0 rune.stat_726496846
  Idols socketed in this item gain the benefits of their Bonded modifiers
  In diesen Gegenstand eingefasste Götzen erhalten die Vorteile ihrer verbundenen Modifikatoren
rune/ T0 rune.stat_1134865274
  Bonded: +5% to Quality of all Skills
  Verbunden: +5% zur Qualität aller Fertigkeiten
explicit/ T0 explicit.stat_3523867985
  368(300-400)% increased Armour, Evasion and Energy Shield
  368(300-400)% erhöhte Rüstung, Ausweichen und Energieschild
explicit/ T0 explicit.stat_4163415912
  +14(10-14) to Spirit per Socket filled
  +14(10-14) zu Wille pro belegter Fassung
explicit/ T0 explicit.stat_2593651571
  +10(8-10)% to all Elemental Resistances per Socket filled
  +10(8-10)% zu allen Elementarwiderständen pro belegter Fassung
explicit/ T0 explicit.stat_1036267537
  +60(50-60) to maximum Mana per Socket filled
  +60(50-60) zu maximalem Mana pro belegter Fassung
pseudo/ T0 pseudo.pseudo_total_mana
  +200 total maximum Mana
  +200 gesamt zu maximalem Mana
